[2025-07-10 22:27:47,200] INFO processing: Detected file type: application/pdf (in /Users/zshaikh/Documents/projects/SEU_dev/SEU_Tools/apis/utils.py:285)
[2025-07-10 22:53:32,825] INFO processing: Detected file type: application/pdf (in /Users/zshaikh/Documents/projects/SEU_dev/SEU_Tools/apis/utils.py:285)
[2025-07-10 22:56:27,270] INFO processing: Detected file type: application/pdf (in /Users/zshaikh/Documents/projects/SEU_dev/SEU_Tools/apis/utils.py:285)
[2025-07-10 22:58:53,989] INFO processing: Detected file type: application/pdf (in /Users/zshaikh/Documents/projects/SEU_dev/SEU_Tools/apis/utils.py:285)
[2025-07-10 23:14:12,655] INFO processing: Detected file type: image/jpeg (in /Users/zshaikh/Documents/projects/SEU_dev/SEU_Tools/apis/utils.py:285)
[2025-07-10 23:28:37,830] INFO processing: Detected file type: image/jpeg (in /Users/zshaikh/Documents/projects/SEU_dev/SEU_Tools/apis/utils.py:285)
[2025-07-10 23:30:01,077] INFO processing: Detected file type: application/pdf (in /Users/zshaikh/Documents/projects/SEU_dev/SEU_Tools/apis/utils.py:285)
[2025-07-10 23:38:30,687] INFO processing: Detected file type: application/pdf (in /Users/zshaikh/Documents/projects/SEU_dev/SEU_Tools/apis/utils.py:288)
[2025-07-10 23:38:34,014] ERROR processing: Error processing certificate _المستخدم لنظام اللجان والمجالس اخر نسخة.pdf with AI: invalid literal for int() with base 10: 'NA' (in /Users/zshaikh/Documents/projects/SEU_dev/SEU_Tools/apis/utils.py:306)
[2025-07-10 23:39:12,528] INFO processing: Detected file type: application/pdf (in /Users/zshaikh/Documents/projects/SEU_dev/SEU_Tools/apis/utils.py:287)
[2025-07-10 23:39:58,648] INFO processing: Detected file type: application/pdf (in /Users/zshaikh/Documents/projects/SEU_dev/SEU_Tools/apis/utils.py:287)
[2025-07-10 23:41:22,950] INFO processing: Detected file type: application/pdf (in /Users/zshaikh/Documents/projects/SEU_dev/SEU_Tools/apis/utils.py:287)
[2025-07-10 23:43:44,057] INFO processing: Detected file type: application/pdf (in /Users/zshaikh/Documents/projects/SEU_dev/SEU_Tools/apis/utils.py:295)
[2025-07-10 23:49:38,664] INFO processing: Detected file type: image/jpeg (in /Users/zshaikh/Documents/projects/SEU_dev/SEU_Tools/apis/utils.py:295)
[2025-07-11 11:59:05,155] INFO processing: Detected file type: image/jpeg (in /Users/zshaikh/Documents/projects/SEU_dev/SEU_Tools/apis/utils.py:312)
[2025-07-11 17:58:48,289] INFO processing: Detected file type: image/jpeg (in /Users/zshaikh/Documents/projects/SEU_dev/SEU_Tools/apis/utils.py:312)
[2025-07-11 18:10:48,794] INFO processing: Detected file type: image/jpeg (in /Users/zshaikh/Documents/projects/SEU_dev/SEU_Tools/apis/utils.py:312)
[2025-07-11 18:12:31,477] INFO processing: Detected file type: application/pdf (in /Users/zshaikh/Documents/projects/SEU_dev/SEU_Tools/apis/utils.py:312)
[2025-07-11 18:12:45,958] INFO processing: Detected file type: image/jpeg (in /Users/zshaikh/Documents/projects/SEU_dev/SEU_Tools/apis/utils.py:312)
[2025-07-11 23:52:50,339] INFO processing: Detected file type: application/pdf (in /Users/zshaikh/Documents/projects/SEU_dev/SEU_Tools/apis/utils.py:312)
[2025-07-12 00:05:04,002] INFO processing: Detected file type: image/jpeg (in /Users/zshaikh/Documents/projects/SEU_dev/SEU_Tools/apis/utils.py:312)
[2025-07-13 22:01:22,630] ERROR processing: Error processing certificate Certificate20783.pdf: cannot access local variable 'SSN' where it is not associated with a value (in /Users/zshaikh/Documents/projects/SEU_dev/SEU_Tools/apis/utils.py:201)
[2025-07-13 22:09:10,726] ERROR processing: Error processing certificate Certificate66224.pdf: cannot access local variable 'SSN' where it is not associated with a value (in /Users/zshaikh/Documents/projects/SEU_dev/SEU_Tools/apis/utils.py:202)
[2025-07-13 22:22:07,117] INFO processing: Detected file type: application/pdf (in /Users/zshaikh/Documents/projects/SEU_dev/SEU_Tools/apis/utils.py:371)
[2025-07-13 22:23:19,043] INFO processing: Detected file type: application/pdf (in /Users/zshaikh/Documents/projects/SEU_dev/SEU_Tools/apis/utils.py:371)
[2025-07-13 22:24:03,904] INFO processing: Detected file type: application/pdf (in /Users/zshaikh/Documents/projects/SEU_dev/SEU_Tools/apis/utils.py:373)
[2025-07-13 22:24:24,047] INFO processing: Detected file type: application/pdf (in /Users/zshaikh/Documents/projects/SEU_dev/SEU_Tools/apis/utils.py:373)
[2025-07-13 22:27:53,186] INFO processing: Detected file type: image/jpeg (in /Users/zshaikh/Documents/projects/SEU_dev/SEU_Tools/apis/utils.py:381)
[2025-07-13 22:28:24,924] INFO processing: Detected file type: application/pdf (in /Users/zshaikh/Documents/projects/SEU_dev/SEU_Tools/apis/utils.py:381)
[2025-07-13 22:28:48,278] INFO processing: Detected file type: application/pdf (in /Users/zshaikh/Documents/projects/SEU_dev/SEU_Tools/apis/utils.py:381)
[2025-07-13 22:38:24,768] INFO processing: Processing QR code extraction for file type: image/png (in /Users/zshaikh/Documents/projects/SEU_dev/SEU_Tools/apis/utils.py:396)
[2025-07-13 22:38:24,769] ERROR processing: Error extracting QR code from test_qr.png: OpenCV(4.12.0) :-1: error: (-5:Bad argument) in function 'cvtColor'
> Overload resolution failed:
>  - src data type = bool is not supported
>  - Expected Ptr<cv::UMat> for argument 'src'
 (in /Users/zshaikh/Documents/projects/SEU_dev/SEU_Tools/apis/utils.py:501)
[2025-07-13 22:38:39,822] INFO processing: Processing QR code extraction for file type: image/png (in /Users/zshaikh/Documents/projects/SEU_dev/SEU_Tools/apis/utils.py:396)
[2025-07-13 22:43:51,988] INFO processing: Processing QR code extraction for file type: application/pdf (in /Users/zshaikh/Documents/projects/SEU_dev/SEU_Tools/apis/utils.py:397)
[2025-07-13 22:47:00,450] INFO processing: Processing QR code extraction for file type: application/pdf (in /Users/zshaikh/Documents/projects/SEU_dev/SEU_Tools/apis/utils.py:394)
[2025-07-13 22:51:10,636] INFO processing: Processing QR code extraction for file type: application/pdf (in /Users/zshaikh/Documents/projects/SEU_dev/SEU_Tools/apis/utils.py:397)
[2025-07-13 22:51:53,120] INFO processing: Processing QR code extraction for file type: application/pdf (in /Users/zshaikh/Documents/projects/SEU_dev/SEU_Tools/apis/utils.py:397)
[2025-07-13 22:51:53,315] INFO processing: Processing QR code extraction for file type: application/pdf (in /Users/zshaikh/Documents/projects/SEU_dev/SEU_Tools/apis/utils.py:397)
[2025-07-13 22:52:18,470] INFO processing: Processing QR code extraction for file type: application/pdf (in /Users/zshaikh/Documents/projects/SEU_dev/SEU_Tools/apis/utils.py:397)
[2025-07-13 22:52:18,680] INFO processing: Processing QR code extraction for file type: application/pdf (in /Users/zshaikh/Documents/projects/SEU_dev/SEU_Tools/apis/utils.py:397)
[2025-07-13 22:53:56,692] INFO processing: Processing QR code extraction for file type: application/pdf (in /Users/zshaikh/Documents/projects/SEU_dev/SEU_Tools/apis/utils.py:397)
[2025-07-13 22:53:56,902] INFO processing: Processing QR code extraction for file type: application/pdf (in /Users/zshaikh/Documents/projects/SEU_dev/SEU_Tools/apis/utils.py:397)
[2025-07-13 22:55:59,509] INFO processing: Processing QR code extraction for file type: application/pdf (in /Users/zshaikh/Documents/projects/SEU_dev/SEU_Tools/apis/utils.py:397)
[2025-07-13 22:55:59,710] INFO processing: Processing QR code extraction for file type: application/pdf (in /Users/zshaikh/Documents/projects/SEU_dev/SEU_Tools/apis/utils.py:397)
[2025-07-13 22:56:45,111] INFO processing: Processing QR code extraction for file type: application/pdf (in /Users/zshaikh/Documents/projects/SEU_dev/SEU_Tools/apis/utils.py:397)
[2025-07-13 22:56:45,314] INFO processing: Processing QR code extraction for file type: application/pdf (in /Users/zshaikh/Documents/projects/SEU_dev/SEU_Tools/apis/utils.py:397)
[2025-07-13 23:03:13,636] INFO processing: Processing QR code extraction for file type: application/pdf (in /Users/zshaikh/Documents/projects/SEU_dev/SEU_Tools/apis/utils.py:397)
[2025-07-13 23:03:13,836] INFO processing: Processing QR code extraction for file type: application/pdf (in /Users/zshaikh/Documents/projects/SEU_dev/SEU_Tools/apis/utils.py:397)
[2025-07-13 23:08:05,111] INFO processing: Detected file type: image/jpeg (in /Users/zshaikh/Documents/projects/SEU_dev/SEU_Tools/apis/utils.py:349)
[2025-07-13 23:09:05,189] INFO processing: Detected file type: image/jpeg (in /Users/zshaikh/Documents/projects/SEU_dev/SEU_Tools/apis/utils.py:349)
